INFO:     Started server process [10328]
INFO:     Waiting for application startup.
2026-06-20 03:09:09.702 | INFO     | main:init_db:322 - \u2705 Base de données initialisée
2026-06-20 03:09:09.702 | INFO     | main:lifespan:1379 - \U0001f680 HR5 Invest Institutional Desk — http://localhost:8000
INFO:     Application startup complete.
INFO:     Uvicorn running on http://0.0.0.0:8000 (Press CTRL+C to quit)
HTTP Error 404: {"quoteSummary":{"result":null,"error":{"code":"Not Found","description":"Quote not found for symbol: SPACEX"}}}
$SPACEX: possibly delisted; no price data found  (period=5d) (Yahoo error = "No data found, symbol may be delisted")
ERROR:    Exception in ASGI application
  + Exception Group Traceback (most recent call last):
  |   File "C:\Users\Administrator\Desktop\HR5 INVEST\venv\Lib\site-packages\starlette\_utils.py", line 76, in collapse_excgroups
  |     yield
  |   File "C:\Users\Administrator\Desktop\HR5 INVEST\venv\Lib\site-packages\starlette\middleware\base.py", line 186, in __call__
  |     async with anyio.create_task_group() as task_group:
  |                ^^^^^^^^^^^^^^^^^^^^^^^^^
  |   File "C:\Users\Administrator\Desktop\HR5 INVEST\venv\Lib\site-packages\anyio\_backends\_asyncio.py", line 799, in __aexit__
  |     raise BaseExceptionGroup(
  | ExceptionGroup: unhandled errors in a TaskGroup (1 sub-exception)
  +-+---------------- 1 ----------------
    | Traceback (most recent call last):
    |   File "C:\Users\Administrator\Desktop\HR5 INVEST\venv\Lib\site-packages\uvicorn\protocols\http\httptools_impl.py", line 409, in run_asgi
    |     result = await app(  # type: ignore[func-returns-value]
    |              ^^^^^^^^^^^^^^^^^^^^^^^^^^^^^^^^^^^^^^^^^^^^^^
    |   File "C:\Users\Administrator\Desktop\HR5 INVEST\venv\Lib\site-packages\uvicorn\middleware\proxy_headers.py", line 60, in __call__
    |     return await self.app(scope, receive, send)
    |            ^^^^^^^^^^^^^^^^^^^^^^^^^^^^^^^^^^^^
    |   File "C:\Users\Administrator\Desktop\HR5 INVEST\venv\Lib\site-packages\fastapi\applications.py", line 1054, in __call__
    |     await super().__call__(scope, receive, send)
    |   File "C:\Users\Administrator\Desktop\HR5 INVEST\venv\Lib\site-packages\starlette\applications.py", line 113, in __call__
    |     await self.middleware_stack(scope, receive, send)
    |   File "C:\Users\Administrator\Desktop\HR5 INVEST\venv\Lib\site-packages\starlette\middleware\errors.py", line 187, in __call__
    |     raise exc
    |   File "C:\Users\Administrator\Desktop\HR5 INVEST\venv\Lib\site-packages\starlette\middleware\errors.py", line 165, in __call__
    |     await self.app(scope, receive, _send)
    |   File "C:\Users\Administrator\Desktop\HR5 INVEST\venv\Lib\site-packages\starlette\middleware\base.py", line 185, in __call__
    |     with collapse_excgroups():
    |          ^^^^^^^^^^^^^^^^^^^^
    |   File "C:\Users\Administrator\AppData\Local\Programs\Python\Python312\Lib\contextlib.py", line 158, in __exit__
    |     self.gen.throw(value)
    |   File "C:\Users\Administrator\Desktop\HR5 INVEST\venv\Lib\site-packages\starlette\_utils.py", line 82, in collapse_excgroups
    |     raise exc
    |   File "C:\Users\Administrator\Desktop\HR5 INVEST\venv\Lib\site-packages\starlette\middleware\base.py", line 187, in __call__
    |     response = await self.dispatch_func(request, call_next)
    |                ^^^^^^^^^^^^^^^^^^^^^^^^^^^^^^^^^^^^^^^^^^^^
    |   File "C:\Users\Administrator\Desktop\HR5 INVEST\backend\main.py", line 1396, in no_cache_html
    |     response = await call_next(request)
    |                ^^^^^^^^^^^^^^^^^^^^^^^^
    |   File "C:\Users\Administrator\Desktop\HR5 INVEST\venv\Lib\site-packages\starlette\middleware\base.py", line 163, in call_next
    |     raise app_exc
    |   File "C:\Users\Administrator\Desktop\HR5 INVEST\venv\Lib\site-packages\starlette\middleware\base.py", line 149, in coro
    |     await self.app(scope, receive_or_disconnect, send_no_error)
    |   File "C:\Users\Administrator\Desktop\HR5 INVEST\venv\Lib\site-packages\starlette\middleware\cors.py", line 85, in __call__
    |     await self.app(scope, receive, send)
    |   File "C:\Users\Administrator\Desktop\HR5 INVEST\venv\Lib\site-packages\starlette\middleware\exceptions.py", line 62, in __call__
    |     await wrap_app_handling_exceptions(self.app, conn)(scope, receive, send)
    |   File "C:\Users\Administrator\Desktop\HR5 INVEST\venv\Lib\site-packages\starlette\_exception_handler.py", line 53, in wrapped_app
    |     raise exc
    |   File "C:\Users\Administrator\Desktop\HR5 INVEST\venv\Lib\site-packages\starlette\_exception_handler.py", line 42, in wrapped_app
    |     await app(scope, receive, sender)
    |   File "C:\Users\Administrator\Desktop\HR5 INVEST\venv\Lib\site-packages\starlette\routing.py", line 715, in __call__
    |     await self.middleware_stack(scope, receive, send)
    |   File "C:\Users\Administrator\Desktop\HR5 INVEST\venv\Lib\site-packages\starlette\routing.py", line 735, in app
    |     await route.handle(scope, receive, send)
    |   File "C:\Users\Administrator\Desktop\HR5 INVEST\venv\Lib\site-packages\starlette\routing.py", line 288, in handle
    |     await self.app(scope, receive, send)
    |   File "C:\Users\Administrator\Desktop\HR5 INVEST\venv\Lib\site-packages\starlette\routing.py", line 76, in app
    |     await wrap_app_handling_exceptions(app, request)(scope, receive, send)
    |   File "C:\Users\Administrator\Desktop\HR5 INVEST\venv\Lib\site-packages\starlette\_exception_handler.py", line 53, in wrapped_app
    |     raise exc
    |   File "C:\Users\Administrator\Desktop\HR5 INVEST\venv\Lib\site-packages\starlette\_exception_handler.py", line 42, in wrapped_app
    |     await app(scope, receive, sender)
    |   File "C:\Users\Administrator\Desktop\HR5 INVEST\venv\Lib\site-packages\starlette\routing.py", line 73, in app
    |     response = await f(request)
    |                ^^^^^^^^^^^^^^^^
    |   File "C:\Users\Administrator\Desktop\HR5 INVEST\venv\Lib\site-packages\fastapi\routing.py", line 338, in app
    |     response = actual_response_class(content, **response_args)
    |                ^^^^^^^^^^^^^^^^^^^^^^^^^^^^^^^^^^^^^^^^^^^^^^^
    |   File "C:\Users\Administrator\Desktop\HR5 INVEST\venv\Lib\site-packages\starlette\responses.py", line 180, in __init__
    |     super().__init__(content, status_code, headers, media_type, background)
    |   File "C:\Users\Administrator\Desktop\HR5 INVEST\venv\Lib\site-packages\starlette\responses.py", line 43, in __init__
    |     self.body = self.render(content)
    |                 ^^^^^^^^^^^^^^^^^^^^
    |   File "C:\Users\Administrator\Desktop\HR5 INVEST\venv\Lib\site-packages\starlette\responses.py", line 183, in render
    |     return json.dumps(
    |            ^^^^^^^^^^^
    |   File "C:\Users\Administrator\AppData\Local\Programs\Python\Python312\Lib\json\__init__.py", line 238, in dumps
    |     **kw).encode(obj)
    |           ^^^^^^^^^^^
    |   File "C:\Users\Administrator\AppData\Local\Programs\Python\Python312\Lib\json\encoder.py", line 200, in encode
    |     chunks = self.iterencode(o, _one_shot=True)
    |              ^^^^^^^^^^^^^^^^^^^^^^^^^^^^^^^^^^
    |   File "C:\Users\Administrator\AppData\Local\Programs\Python\Python312\Lib\json\encoder.py", line 258, in iterencode
    |     return _iterencode(o, 0)
    |            ^^^^^^^^^^^^^^^^^
    | ValueError: Out of range float values are not JSON compliant: nan
    +------------------------------------

During handling of the above exception, another exception occurred:

Traceback (most recent call last):
  File "C:\Users\Administrator\Desktop\HR5 INVEST\venv\Lib\site-packages\uvicorn\protocols\http\httptools_impl.py", line 409, in run_asgi
    result = await app(  # type: ignore[func-returns-value]
             ^^^^^^^^^^^^^^^^^^^^^^^^^^^^^^^^^^^^^^^^^^^^^^
  File "C:\Users\Administrator\Desktop\HR5 INVEST\venv\Lib\site-packages\uvicorn\middleware\proxy_headers.py", line 60, in __call__
    return await self.app(scope, receive, send)
           ^^^^^^^^^^^^^^^^^^^^^^^^^^^^^^^^^^^^
  File "C:\Users\Administrator\Desktop\HR5 INVEST\venv\Lib\site-packages\fastapi\applications.py", line 1054, in __call__
    await super().__call__(scope, receive, send)
  File "C:\Users\Administrator\Desktop\HR5 INVEST\venv\Lib\site-packages\starlette\applications.py", line 113, in __call__
    await self.middleware_stack(scope, receive, send)
  File "C:\Users\Administrator\Desktop\HR5 INVEST\venv\Lib\site-packages\starlette\middleware\errors.py", line 187, in __call__
    raise exc
  File "C:\Users\Administrator\Desktop\HR5 INVEST\venv\Lib\site-packages\starlette\middleware\errors.py", line 165, in __call__
    await self.app(scope, receive, _send)
  File "C:\Users\Administrator\Desktop\HR5 INVEST\venv\Lib\site-packages\starlette\middleware\base.py", line 185, in __call__
    with collapse_excgroups():
         ^^^^^^^^^^^^^^^^^^^^
  File "C:\Users\Administrator\AppData\Local\Programs\Python\Python312\Lib\contextlib.py", line 158, in __exit__
    self.gen.throw(value)
  File "C:\Users\Administrator\Desktop\HR5 INVEST\venv\Lib\site-packages\starlette\_utils.py", line 82, in collapse_excgroups
    raise exc
  File "C:\Users\Administrator\Desktop\HR5 INVEST\venv\Lib\site-packages\starlette\middleware\base.py", line 187, in __call__
    response = await self.dispatch_func(request, call_next)
               ^^^^^^^^^^^^^^^^^^^^^^^^^^^^^^^^^^^^^^^^^^^^
  File "C:\Users\Administrator\Desktop\HR5 INVEST\backend\main.py", line 1396, in no_cache_html
    response = await call_next(request)
               ^^^^^^^^^^^^^^^^^^^^^^^^
  File "C:\Users\Administrator\Desktop\HR5 INVEST\venv\Lib\site-packages\starlette\middleware\base.py", line 163, in call_next
    raise app_exc
  File "C:\Users\Administrator\Desktop\HR5 INVEST\venv\Lib\site-packages\starlette\middleware\base.py", line 149, in coro
    await self.app(scope, receive_or_disconnect, send_no_error)
  File "C:\Users\Administrator\Desktop\HR5 INVEST\venv\Lib\site-packages\starlette\middleware\cors.py", line 85, in __call__
    await self.app(scope, receive, send)
  File "C:\Users\Administrator\Desktop\HR5 INVEST\venv\Lib\site-packages\starlette\middleware\exceptions.py", line 62, in __call__
    await wrap_app_handling_exceptions(self.app, conn)(scope, receive, send)
  File "C:\Users\Administrator\Desktop\HR5 INVEST\venv\Lib\site-packages\starlette\_exception_handler.py", line 53, in wrapped_app
    raise exc
  File "C:\Users\Administrator\Desktop\HR5 INVEST\venv\Lib\site-packages\starlette\_exception_handler.py", line 42, in wrapped_app
    await app(scope, receive, sender)
  File "C:\Users\Administrator\Desktop\HR5 INVEST\venv\Lib\site-packages\starlette\routing.py", line 715, in __call__
    await self.middleware_stack(scope, receive, send)
  File "C:\Users\Administrator\Desktop\HR5 INVEST\venv\Lib\site-packages\starlette\routing.py", line 735, in app
    await route.handle(scope, receive, send)
  File "C:\Users\Administrator\Desktop\HR5 INVEST\venv\Lib\site-packages\starlette\routing.py", line 288, in handle
    await self.app(scope, receive, send)
  File "C:\Users\Administrator\Desktop\HR5 INVEST\venv\Lib\site-packages\starlette\routing.py", line 76, in app
    await wrap_app_handling_exceptions(app, request)(scope, receive, send)
  File "C:\Users\Administrator\Desktop\HR5 INVEST\venv\Lib\site-packages\starlette\_exception_handler.py", line 53, in wrapped_app
    raise exc
  File "C:\Users\Administrator\Desktop\HR5 INVEST\venv\Lib\site-packages\starlette\_exception_handler.py", line 42, in wrapped_app
    await app(scope, receive, sender)
  File "C:\Users\Administrator\Desktop\HR5 INVEST\venv\Lib\site-packages\starlette\routing.py", line 73, in app
    response = await f(request)
               ^^^^^^^^^^^^^^^^
  File "C:\Users\Administrator\Desktop\HR5 INVEST\venv\Lib\site-packages\fastapi\routing.py", line 338, in app
    response = actual_response_class(content, **response_args)
               ^^^^^^^^^^^^^^^^^^^^^^^^^^^^^^^^^^^^^^^^^^^^^^^
  File "C:\Users\Administrator\Desktop\HR5 INVEST\venv\Lib\site-packages\starlette\responses.py", line 180, in __init__
    super().__init__(content, status_code, headers, media_type, background)
  File "C:\Users\Administrator\Desktop\HR5 INVEST\venv\Lib\site-packages\starlette\responses.py", line 43, in __init__
    self.body = self.render(content)
                ^^^^^^^^^^^^^^^^^^^^
  File "C:\Users\Administrator\Desktop\HR5 INVEST\venv\Lib\site-packages\starlette\responses.py", line 183, in render
    return json.dumps(
           ^^^^^^^^^^^
  File "C:\Users\Administrator\AppData\Local\Programs\Python\Python312\Lib\json\__init__.py", line 238, in dumps
    **kw).encode(obj)
          ^^^^^^^^^^^
  File "C:\Users\Administrator\AppData\Local\Programs\Python\Python312\Lib\json\encoder.py", line 200, in encode
    chunks = self.iterencode(o, _one_shot=True)
             ^^^^^^^^^^^^^^^^^^^^^^^^^^^^^^^^^^
  File "C:\Users\Administrator\AppData\Local\Programs\Python\Python312\Lib\json\encoder.py", line 258, in iterencode
    return _iterencode(o, 0)
           ^^^^^^^^^^^^^^^^^
ValueError: Out of range float values are not JSON compliant: nan
HTTP Error 404: {"quoteSummary":{"result":null,"error":{"code":"Not Found","description":"Quote not found for symbol: SPACEX"}}}
$SPACEX: possibly delisted; no price data found  (period=5d) (Yahoo error = "No data found, symbol may be delisted")
$SPACEX: possibly delisted; no price data found  (period=5d) (Yahoo error = "No data found, symbol may be delisted")
$SPACEX: possibly delisted; no price data found  (period=5d) (Yahoo error = "No data found, symbol may be delisted")
$SPACEX: possibly delisted; no price data found  (period=5d) (Yahoo error = "No data found, symbol may be delisted")
$SPACEX: possibly delisted; no price data found  (period=5d) (Yahoo error = "No data found, symbol may be delisted")
$SPACEX: possibly delisted; no price data found  (period=5d) (Yahoo error = "No data found, symbol may be delisted")
$SPACEX: possibly delisted; no price data found  (period=5d) (Yahoo error = "No data found, symbol may be delisted")
$SPACEX: possibly delisted; no price data found  (period=5d) (Yahoo error = "No data found, symbol may be delisted")
$SPACEX: possibly delisted; no price data found  (period=5d) (Yahoo error = "No data found, symbol may be delisted")
$SPACEX: possibly delisted; no price data found  (period=5d) (Yahoo error = "No data found, symbol may be delisted")
$SPACEX: possibly delisted; no price data found  (period=5d) (Yahoo error = "No data found, symbol may be delisted")
$SPACEX: possibly delisted; no price data found  (period=5d) (Yahoo error = "No data found, symbol may be delisted")
$SPACEX: possibly delisted; no price data found  (period=5d) (Yahoo error = "No data found, symbol may be delisted")
$SPACEX: possibly delisted; no price data found  (period=5d) (Yahoo error = "No data found, symbol may be delisted")
$SPACEX: possibly delisted; no price data found  (period=5d) (Yahoo error = "No data found, symbol may be delisted")
$SPACEX: possibly delisted; no price data found  (period=5d) (Yahoo error = "No data found, symbol may be delisted")
$SPACEX: possibly delisted; no price data found  (period=5d) (Yahoo error = "No data found, symbol may be delisted")
$SPACEX: possibly delisted; no price data found  (period=5d) (Yahoo error = "No data found, symbol may be delisted")
$SPACEX: possibly delisted; no price data found  (period=5d) (Yahoo error = "No data found, symbol may be delisted")
$SPACEX: possibly delisted; no price data found  (period=5d) (Yahoo error = "No data found, symbol may be delisted")
$SPACEX: possibly delisted; no price data found  (period=5d) (Yahoo error = "No data found, symbol may be delisted")
